// Vitest Snapshot v1, https://vitest.dev/guide/snapshot.html

exports[`RadioGroup > renders correctly 1`] = `
<div>
  <fieldset
    class="m-0 border-0 p-0 flex flex-col gap-2"
  >
    <legend
      class="mb-1 text-sm font-medium text-foreground"
    >
      Choose one
    </legend>
    <div
      class="group flex items-center gap-2"
    >
      <span
        class="relative flex shrink-0 items-center justify-center min-h-11 min-w-11 size-5"
      >
        <input
          aria-invalid="false"
          class="peer absolute inset-0 z-10 m-0 cursor-pointer opacity-0 disabled:cursor-not-allowed"
          id="_r_0_-0"
          name="example"
          type="radio"
          value="a"
        />
        <span
          aria-hidden="true"
          class="flex items-center justify-center rounded-full border border-border-strong bg-background-muted transition-colors duration-200 peer-checked:border-primary peer-checked:bg-primary/10 size-5"
        >
          <span
            class="rounded-full bg-primary opacity-0 transition-opacity peer-checked:opacity-100 size-2.5"
          />
        </span>
      </span>
      <label
        class="cursor-pointer text-sm text-foreground select-none group-has-[:disabled]:cursor-not-allowed group-has-[:disabled]:opacity-60"
        for="_r_0_-0"
      >
        Option A
      </label>
    </div>
    <div
      class="group flex items-center gap-2"
    >
      <span
        class="relative flex shrink-0 items-center justify-center min-h-11 min-w-11 size-5"
      >
        <input
          aria-invalid="false"
          class="peer absolute inset-0 z-10 m-0 cursor-pointer opacity-0 disabled:cursor-not-allowed"
          id="_r_0_-1"
          name="example"
          type="radio"
          value="b"
        />
        <span
          aria-hidden="true"
          class="flex items-center justify-center rounded-full border border-border-strong bg-background-muted transition-colors duration-200 peer-checked:border-primary peer-checked:bg-primary/10 size-5"
        >
          <span
            class="rounded-full bg-primary opacity-0 transition-opacity peer-checked:opacity-100 size-2.5"
          />
        </span>
      </span>
      <label
        class="cursor-pointer text-sm text-foreground select-none group-has-[:disabled]:cursor-not-allowed group-has-[:disabled]:opacity-60"
        for="_r_0_-1"
      >
        Option B
      </label>
    </div>
    <div
      class="group flex items-center gap-2"
    >
      <span
        class="relative flex shrink-0 items-center justify-center min-h-11 min-w-11 size-5"
      >
        <input
          aria-invalid="false"
          class="peer absolute inset-0 z-10 m-0 cursor-pointer opacity-0 disabled:cursor-not-allowed"
          id="_r_0_-2"
          name="example"
          type="radio"
          value="c"
        />
        <span
          aria-hidden="true"
          class="flex items-center justify-center rounded-full border border-border-strong bg-background-muted transition-colors duration-200 peer-checked:border-primary peer-checked:bg-primary/10 size-5"
        >
          <span
            class="rounded-full bg-primary opacity-0 transition-opacity peer-checked:opacity-100 size-2.5"
          />
        </span>
      </span>
      <label
        class="cursor-pointer text-sm text-foreground select-none group-has-[:disabled]:cursor-not-allowed group-has-[:disabled]:opacity-60"
        for="_r_0_-2"
      >
        Option C
      </label>
    </div>
    <p
      aria-hidden="true"
      class="min-h-4 text-xs text-foreground-muted"
      id="_r_1_"
    />
  </fieldset>
</div>
`;
