// Vitest Snapshot v1, https://vitest.dev/guide/snapshot.html

exports[`DropdownMenu > renders correctly (closed) 1`] = `
<div>
  <button
    aria-expanded="false"
    aria-haspopup="menu"
    class="flex items-center justify-center gap-2 rounded px-4 py-2 transition-colors duration-200 cursor-pointer disabled:cursor-not-allowed disabled:opacity-50 text-base bg-primary text-primary-foreground hover:bg-primary-hover active:bg-primary-active disabled:hover:bg-primary disabled:active:bg-primary"
    type="button"
  >
    Options
  </button>
</div>
`;
