// Vitest Snapshot v1, https://vitest.dev/guide/snapshot.html

exports[`Tabs > renders correctly 1`] = `
<div>
  <div
    class="flex flex-col"
  >
    <div
      class="flex border-b border-border"
      role="tablist"
    >
      <button
        aria-controls="_r_0_-panel-profile"
        aria-selected="true"
        class="relative font-medium text-foreground-muted transition-colors duration-150 cursor-pointer select-none hover:text-foreground focus-visible:outline-none focus-visible:ring-2 focus-visible:ring-ring/40 focus-visible:ring-inset aria-disabled:cursor-not-allowed aria-disabled:opacity-50 aria-disabled:hover:text-foreground-muted aria-selected:text-foreground aria-selected:after:absolute aria-selected:after:inset-x-0 aria-selected:after:bottom-0 aria-selected:after:h-0.5 aria-selected:after:bg-primary aria-selected:after:content-[''] px-4 py-2.5 text-sm"
        id="_r_0_-tab-profile"
        role="tab"
        tabindex="0"
        type="button"
      >
        Profile
      </button>
      <button
        aria-controls="_r_0_-panel-security"
        aria-selected="false"
        class="relative font-medium text-foreground-muted transition-colors duration-150 cursor-pointer select-none hover:text-foreground focus-visible:outline-none focus-visible:ring-2 focus-visible:ring-ring/40 focus-visible:ring-inset aria-disabled:cursor-not-allowed aria-disabled:opacity-50 aria-disabled:hover:text-foreground-muted aria-selected:text-foreground aria-selected:after:absolute aria-selected:after:inset-x-0 aria-selected:after:bottom-0 aria-selected:after:h-0.5 aria-selected:after:bg-primary aria-selected:after:content-[''] px-4 py-2.5 text-sm"
        id="_r_0_-tab-security"
        role="tab"
        tabindex="-1"
        type="button"
      >
        Security
      </button>
      <button
        aria-controls="_r_0_-panel-billing"
        aria-disabled="true"
        aria-selected="false"
        class="relative font-medium text-foreground-muted transition-colors duration-150 cursor-pointer select-none hover:text-foreground focus-visible:outline-none focus-visible:ring-2 focus-visible:ring-ring/40 focus-visible:ring-inset aria-disabled:cursor-not-allowed aria-disabled:opacity-50 aria-disabled:hover:text-foreground-muted aria-selected:text-foreground aria-selected:after:absolute aria-selected:after:inset-x-0 aria-selected:after:bottom-0 aria-selected:after:h-0.5 aria-selected:after:bg-primary aria-selected:after:content-[''] px-4 py-2.5 text-sm"
        id="_r_0_-tab-billing"
        role="tab"
        tabindex="-1"
        type="button"
      >
        Billing
      </button>
    </div>
    <div
      aria-labelledby="_r_0_-tab-profile"
      class="pt-4 focus-visible:outline-none"
      id="_r_0_-panel-profile"
      role="tabpanel"
      tabindex="0"
    >
      <div>
        Profile content
      </div>
    </div>
  </div>
</div>
`;
