// Vitest Snapshot v1, https://vitest.dev/guide/snapshot.html

exports[`Checkbox > renders correctly 1`] = `
<div>
  <div
    class="flex flex-col gap-1"
  >
    <div
      class="inline-flex items-start gap-2"
    >
      <span
        class="relative flex shrink-0 items-center justify-center size-5"
      >
        <input
          aria-invalid="false"
          class="peer absolute inset-0 z-10 m-0 cursor-pointer opacity-0 disabled:cursor-not-allowed"
          id="_r_0_"
          type="checkbox"
        />
        <span
          aria-hidden="true"
          class="flex items-center justify-center rounded border border-border-strong bg-background-muted text-transparent transition-colors duration-200 peer-checked:border-primary peer-checked:bg-primary peer-checked:text-primary-foreground peer-indeterminate:border-primary peer-indeterminate:bg-primary peer-indeterminate:text-primary-foreground peer-focus-visible:ring-2 peer-focus-visible:ring-ring/40 peer-disabled:cursor-not-allowed peer-disabled:opacity-60 size-5"
        >
          <svg
            class="peer-checked:block"
            fill="currentColor"
            height="14"
            viewBox="0 0 256 256"
            width="14"
            xmlns="http://www.w3.org/2000/svg"
          >
            <path
              d="M232.49,80.49l-128,128a12,12,0,0,1-17,0l-56-56a12,12,0,1,1,17-17L96,183,215.51,63.51a12,12,0,0,1,17,17Z"
            />
          </svg>
          <svg
            class="hidden peer-indeterminate:block"
            fill="currentColor"
            height="14"
            viewBox="0 0 256 256"
            width="14"
            xmlns="http://www.w3.org/2000/svg"
          >
            <path
              d="M228,128a12,12,0,0,1-12,12H40a12,12,0,0,1,0-24H216A12,12,0,0,1,228,128Z"
            />
          </svg>
        </span>
      </span>
      <label
        class="cursor-pointer text-sm text-foreground select-none"
        for="_r_0_"
      >
        Subscribe
      </label>
    </div>
  </div>
</div>
`;
