// Vitest Snapshot v1, https://vitest.dev/guide/snapshot.html

exports[`Switch > renders correctly 1`] = `
<div>
  <div
    class="flex flex-col gap-1"
  >
    <div
      class="inline-flex items-center gap-3"
    >
      <span
        class="relative shrink-0 h-5 w-9"
      >
        <input
          aria-invalid="false"
          class="peer absolute inset-0 z-10 m-0 cursor-pointer opacity-0 disabled:cursor-not-allowed"
          id="_r_0_"
          type="checkbox"
        />
        <span
          aria-hidden="true"
          class="absolute inset-0 rounded-full transition-colors duration-200 bg-border peer-checked:bg-primary peer-focus-visible:ring-2 peer-focus-visible:ring-ring/40 peer-disabled:opacity-60"
        />
        <span
          aria-hidden="true"
          class="absolute top-0.5 left-0.5 rounded-full bg-white shadow pointer-events-none transition-transform duration-200 size-4 peer-checked:translate-x-4"
        />
      </span>
      <label
        class="cursor-pointer text-sm text-foreground select-none"
        for="_r_0_"
      >
        Dark mode
      </label>
    </div>
  </div>
</div>
`;
